// Jest Snapshot v1, https://goo.gl/fbAQLP

exports[`LandingPageComponent should match snapshot 1`] = `
<app-landing-page
  __ngContext__={[Function LRootView]}
>
  <app-banner /><app-quick-links /><app-product-links />
</app-landing-page>
`;
